30
1 74 66 16 39 72 59 92 12 98 58 11 88 90 46 93 45 95 26 77 51 67 62 96 56 22 18 70 50 100 
