29
1 36 80 69 34 58 42 81 55 45 54 78 6 30 46 51 71 4 90 86 61 72 85 41 79 75 92 9 100 
