68
1 2 165 392 106 53 103 488 107 145 131 256 128 464 389 321 237 401 499 175 246 159 400 178 112 322 463 124 327 388 390 132 448 258 196 414 483 236 15 31 248 378 265 164 36 287 81 75 494 394 340 332 214 415 86 427 460 243 379 288 66 97 67 39 447 93 344 500 
